<testsuites id="" name="" tests="150" failures="30" skipped="0" errors="0" time="184.599298">
<testsuite name="landing-page.spec.js" timestamp="2025-08-27T11:31:35.973Z" hostname="chromium" tests="25" failures="5" skipped="0" time="100.027" errors="0">
<testcase name="Twisted Brain Landing Page - E2E Tests › Page Load and Structure › should load page successfully with all sections" classname="landing-page.spec.js" time="2.152">
</testcase>
<testcase name="Twisted Brain Landing Page - E2E Tests › Page Load and Structure › should have proper meta tags for SEO" classname="landing-page.spec.js" time="2.007">
</testcase>
<testcase name="Twisted Brain Landing Page - E2E Tests › Page Load and Structure › should load critical CSS and fonts" classname="landing-page.spec.js" time="1.603">
<failure message="landing-page.spec.js:63:5 should load critical CSS and fonts" type="FAILURE">
<![CDATA[  [chromium] › landing-page.spec.js:63:5 › Twisted Brain Landing Page - E2E Tests › Page Load and Structure › should load critical CSS and fonts 

    Error: expect(received).not.toBe(expected) // Object.is equality

    Expected: not "rgba(0, 0, 0, 0)"

      69 |       
      70 |       // Should have dark background (not default white)
    > 71 |       expect(backgroundColor).not.toBe('rgba(0, 0, 0, 0)');
         |                                   ^
      72 |       expect(backgroundColor).not.toBe('rgb(255, 255, 255)');
      73 |       
      74 |       // Check if custom fonts are loaded
        at /Users/lpm/Repo/tb-pages/tests/e2e/landing-page.spec.js:71:35

    attachment #1: screenshot (image/png) ──────────────────────────────────────────────────────────
    ../../test-results/artifacts/landing-page-Twisted-Brain-2ee1b-load-critical-CSS-and-fonts-chromium/test-failed-1.png
    ────────────────────────────────────────────────────────────────────────────────────────────────

    attachment #2: video (video/webm) ──────────────────────────────────────────────────────────────
    ../../test-results/artifacts/landing-page-Twisted-Brain-2ee1b-load-critical-CSS-and-fonts-chromium/video.webm
    ────────────────────────────────────────────────────────────────────────────────────────────────

    Error Context: ../../test-results/artifacts/landing-page-Twisted-Brain-2ee1b-load-critical-CSS-and-fonts-chromium/error-context.md
]]>
</failure>
<system-out>
<![CDATA[
[[ATTACHMENT|artifacts/landing-page-Twisted-Brain-2ee1b-load-critical-CSS-and-fonts-chromium/test-failed-1.png]]

[[ATTACHMENT|artifacts/landing-page-Twisted-Brain-2ee1b-load-critical-CSS-and-fonts-chromium/video.webm]]

[[ATTACHMENT|artifacts/landing-page-Twisted-Brain-2ee1b-load-critical-CSS-and-fonts-chromium/error-context.md]]
]]>
</system-out>
</testcase>
<testcase name="Twisted Brain Landing Page - E2E Tests › Hero Section Functionality › should display hero content correctly" classname="landing-page.spec.js" time="6.911">
<failure message="landing-page.spec.js:85:5 should display hero content correctly" type="FAILURE">
<![CDATA[  [chromium] › landing-page.spec.js:85:5 › Twisted Brain Landing Page - E2E Tests › Hero Section Functionality › should display hero content correctly 

    Error: expect(locator).toBeVisible() failed

    Locator:  locator('.hero-section').locator('.cta-primary')
    Expected: visible
    Received: <element(s) not found>
    Timeout:  5000ms

    Call log:
      - Expect "toBeVisible" with timeout 5000ms
      - waiting for locator('.hero-section').locator('.cta-primary')


      100 |       const secondaryCta = heroSection.locator('.cta-secondary');
      101 |       
    > 102 |       await expect(primaryCta).toBeVisible();
          |                                ^
      103 |       await expect(secondaryCta).toBeVisible();
      104 |       
      105 |       // Verify buttons have proper attributes
        at /Users/lpm/Repo/tb-pages/tests/e2e/landing-page.spec.js:102:32

    attachment #1: screenshot (image/png) ──────────────────────────────────────────────────────────
    ../../test-results/artifacts/landing-page-Twisted-Brain-424a0-play-hero-content-correctly-chromium/test-failed-1.png
    ────────────────────────────────────────────────────────────────────────────────────────────────

    attachment #2: video (video/webm) ──────────────────────────────────────────────────────────────
    ../../test-results/artifacts/landing-page-Twisted-Brain-424a0-play-hero-content-correctly-chromium/video.webm
    ────────────────────────────────────────────────────────────────────────────────────────────────

    Error Context: ../../test-results/artifacts/landing-page-Twisted-Brain-424a0-play-hero-content-correctly-chromium/error-context.md
]]>
</failure>
<system-out>
<![CDATA[
[[ATTACHMENT|artifacts/landing-page-Twisted-Brain-424a0-play-hero-content-correctly-chromium/test-failed-1.png]]

[[ATTACHMENT|artifacts/landing-page-Twisted-Brain-424a0-play-hero-content-correctly-chromium/video.webm]]

[[ATTACHMENT|artifacts/landing-page-Twisted-Brain-424a0-play-hero-content-correctly-chromium/error-context.md]]
]]>
</system-out>
</testcase>
<testcase name="Twisted Brain Landing Page - E2E Tests › Hero Section Functionality › should have working CTA buttons" classname="landing-page.spec.js" time="11.948">
<failure message="landing-page.spec.js:110:5 should have working CTA buttons" type="FAILURE">
<![CDATA[  [chromium] › landing-page.spec.js:110:5 › Twisted Brain Landing Page - E2E Tests › Hero Section Functionality › should have working CTA buttons 

    TimeoutError: locator.hover: Timeout 10000ms exceeded.
    Call log:
      - waiting for locator('.cta-primary')


      113 |       
      114 |       // Test primary CTA hover effect
    > 115 |       await primaryCta.hover();
          |                        ^
      116 |       
      117 |       // Wait for hover animation
      118 |       await page.waitForTimeout(500);
        at /Users/lpm/Repo/tb-pages/tests/e2e/landing-page.spec.js:115:24

    attachment #1: screenshot (image/png) ──────────────────────────────────────────────────────────
    ../../test-results/artifacts/landing-page-Twisted-Brain-15d60-ld-have-working-CTA-buttons-chromium/test-failed-1.png
    ────────────────────────────────────────────────────────────────────────────────────────────────

    attachment #2: video (video/webm) ──────────────────────────────────────────────────────────────
    ../../test-results/artifacts/landing-page-Twisted-Brain-15d60-ld-have-working-CTA-buttons-chromium/video.webm
    ────────────────────────────────────────────────────────────────────────────────────────────────

    Error Context: ../../test-results/artifacts/landing-page-Twisted-Brain-15d60-ld-have-working-CTA-buttons-chromium/error-context.md
]]>
</failure>
<system-out>
<![CDATA[
[[ATTACHMENT|artifacts/landing-page-Twisted-Brain-15d60-ld-have-working-CTA-buttons-chromium/test-failed-1.png]]

[[ATTACHMENT|artifacts/landing-page-Twisted-Brain-15d60-ld-have-working-CTA-buttons-chromium/video.webm]]

[[ATTACHMENT|artifacts/landing-page-Twisted-Brain-15d60-ld-have-working-CTA-buttons-chromium/error-context.md]]
]]>
</system-out>
</testcase>
<testcase name="Twisted Brain Landing Page - E2E Tests › Hero Section Functionality › should have animated background elements" classname="landing-page.spec.js" time="2.699">
</testcase>
<testcase name="Twisted Brain Landing Page - E2E Tests › Navigation and Scrolling › should have smooth scrolling navigation" classname="landing-page.spec.js" time="2.877">
</testcase>
<testcase name="Twisted Brain Landing Page - E2E Tests › Navigation and Scrolling › should trigger scroll animations" classname="landing-page.spec.js" time="2.767">
</testcase>
<testcase name="Twisted Brain Landing Page - E2E Tests › Interactive Elements › should have interactive feature cards" classname="landing-page.spec.js" time="2.274">
</testcase>
<testcase name="Twisted Brain Landing Page - E2E Tests › Interactive Elements › should have working social links" classname="landing-page.spec.js" time="2.179">
</testcase>
<testcase name="Twisted Brain Landing Page - E2E Tests › Visual Regression Tests › should match visual snapshot - desktop" classname="landing-page.spec.js" time="7.831">
</testcase>
<testcase name="Twisted Brain Landing Page - E2E Tests › Visual Regression Tests › should match hero section snapshot - desktop" classname="landing-page.spec.js" time="4.358">
</testcase>
<testcase name="Twisted Brain Landing Page - E2E Tests › Visual Regression Tests › should match visual snapshot - tablet" classname="landing-page.spec.js" time="7.624">
</testcase>
<testcase name="Twisted Brain Landing Page - E2E Tests › Visual Regression Tests › should match hero section snapshot - tablet" classname="landing-page.spec.js" time="4.057">
</testcase>
<testcase name="Twisted Brain Landing Page - E2E Tests › Visual Regression Tests › should match visual snapshot - mobile" classname="landing-page.spec.js" time="5.346">
</testcase>
<testcase name="Twisted Brain Landing Page - E2E Tests › Visual Regression Tests › should match hero section snapshot - mobile" classname="landing-page.spec.js" time="3.874">
<failure message="landing-page.spec.js:272:7 should match hero section snapshot - mobile" type="FAILURE">
<![CDATA[  [chromium] › landing-page.spec.js:272:7 › Twisted Brain Landing Page - E2E Tests › Visual Regression Tests › should match hero section snapshot - mobile 

    Error: A snapshot doesn't exist at /Users/lpm/Repo/tb-pages/tests/e2e/landing-page.spec.js-snapshots/hero-section-mobile-chromium-darwin.png, writing actual.

      275 |         
      276 |         const heroSection = page.locator('.hero-section');
    > 277 |         await expect(heroSection).toHaveScreenshot(`hero-section-${name}.png`, {
          |         ^
      278 |           threshold: 0.3,
      279 |           animations: 'disabled'
      280 |         });
        at /Users/lpm/Repo/tb-pages/tests/e2e/landing-page.spec.js:277:9

    attachment #1: hero-section-mobile (image/png) ─────────────────────────────────────────────────
    Expected: landing-page.spec.js-snapshots/hero-section-mobile-chromium-darwin.png
    Received: ../../test-results/artifacts/landing-page-Twisted-Brain-0feb4-o-section-snapshot---mobile-chromium/hero-section-mobile-actual.png
    ────────────────────────────────────────────────────────────────────────────────────────────────

    attachment #2: screenshot (image/png) ──────────────────────────────────────────────────────────
    ../../test-results/artifacts/landing-page-Twisted-Brain-0feb4-o-section-snapshot---mobile-chromium/test-failed-1.png
    ────────────────────────────────────────────────────────────────────────────────────────────────

    attachment #3: video (video/webm) ──────────────────────────────────────────────────────────────
    ../../test-results/artifacts/landing-page-Twisted-Brain-0feb4-o-section-snapshot---mobile-chromium/video.webm
    ────────────────────────────────────────────────────────────────────────────────────────────────

    Error Context: ../../test-results/artifacts/landing-page-Twisted-Brain-0feb4-o-section-snapshot---mobile-chromium/error-context.md
]]>
</failure>
<system-out>
<![CDATA[
[[ATTACHMENT|../tests/e2e/landing-page.spec.js-snapshots/hero-section-mobile-chromium-darwin.png]]

[[ATTACHMENT|artifacts/landing-page-Twisted-Brain-0feb4-o-section-snapshot---mobile-chromium/hero-section-mobile-actual.png]]

[[ATTACHMENT|artifacts/landing-page-Twisted-Brain-0feb4-o-section-snapshot---mobile-chromium/test-failed-1.png]]

[[ATTACHMENT|artifacts/landing-page-Twisted-Brain-0feb4-o-section-snapshot---mobile-chromium/video.webm]]

[[ATTACHMENT|artifacts/landing-page-Twisted-Brain-0feb4-o-section-snapshot---mobile-chromium/error-context.md]]
]]>
</system-out>
</testcase>
<testcase name="Twisted Brain Landing Page - E2E Tests › Performance Tests › should load within performance budget" classname="landing-page.spec.js" time="2.937">
</testcase>
<testcase name="Twisted Brain Landing Page - E2E Tests › Performance Tests › should have good Core Web Vitals" classname="landing-page.spec.js" time="3.208">
</testcase>
<testcase name="Twisted Brain Landing Page - E2E Tests › Performance Tests › should not have console errors" classname="landing-page.spec.js" time="3.542">
</testcase>
<testcase name="Twisted Brain Landing Page - E2E Tests › Accessibility Tests › should have proper heading hierarchy" classname="landing-page.spec.js" time="2.508">
</testcase>
<testcase name="Twisted Brain Landing Page - E2E Tests › Accessibility Tests › should have alt text for images" classname="landing-page.spec.js" time="3.067">
</testcase>
<testcase name="Twisted Brain Landing Page - E2E Tests › Accessibility Tests › should have proper link attributes" classname="landing-page.spec.js" time="6.932">
<failure message="landing-page.spec.js:362:5 should have proper link attributes" type="FAILURE">
<![CDATA[  [chromium] › landing-page.spec.js:362:5 › Twisted Brain Landing Page - E2E Tests › Accessibility Tests › should have proper link attributes 

    Error: expect(locator).toHaveAttribute(expected) failed

    Locator: locator('a[href^="http"]').first()
    Expected pattern: /noopener/
    Received string:  ""
    Timeout: 5000ms

    Call log:
      - Expect "toHaveAttribute" with timeout 5000ms
      - waiting for locator('a[href^="http"]').first()
        9 × locator resolved to <a target="_blank" class="cta-button secondary-outline" href="https://github.com/twisted-brain/tb-pages">↵                            View on GitHub↵     …</a>
          - unexpected value "null"


      367 |         const link = externalLinks.nth(i);
      368 |         await expect(link).toHaveAttribute('target', '_blank');
    > 369 |         await expect(link).toHaveAttribute('rel', /noopener/);
          |                            ^
      370 |       }
      371 |     });
      372 |     
        at /Users/lpm/Repo/tb-pages/tests/e2e/landing-page.spec.js:369:28

    attachment #1: screenshot (image/png) ──────────────────────────────────────────────────────────
    ../../test-results/artifacts/landing-page-Twisted-Brain-7397b-have-proper-link-attributes-chromium/test-failed-1.png
    ────────────────────────────────────────────────────────────────────────────────────────────────

    attachment #2: video (video/webm) ──────────────────────────────────────────────────────────────
    ../../test-results/artifacts/landing-page-Twisted-Brain-7397b-have-proper-link-attributes-chromium/video.webm
    ────────────────────────────────────────────────────────────────────────────────────────────────

    Error Context: ../../test-results/artifacts/landing-page-Twisted-Brain-7397b-have-proper-link-attributes-chromium/error-context.md
]]>
</failure>
<system-out>
<![CDATA[
[[ATTACHMENT|artifacts/landing-page-Twisted-Brain-7397b-have-proper-link-attributes-chromium/test-failed-1.png]]

[[ATTACHMENT|artifacts/landing-page-Twisted-Brain-7397b-have-proper-link-attributes-chromium/video.webm]]

[[ATTACHMENT|artifacts/landing-page-Twisted-Brain-7397b-have-proper-link-attributes-chromium/error-context.md]]
]]>
</system-out>
</testcase>
<testcase name="Twisted Brain Landing Page - E2E Tests › Accessibility Tests › should be keyboard navigable" classname="landing-page.spec.js" time="3.444">
</testcase>
<testcase name="Twisted Brain Landing Page - E2E Tests › Mobile Responsiveness › should be responsive on mobile devices" classname="landing-page.spec.js" time="2.087">
</testcase>
<testcase name="Twisted Brain Landing Page - E2E Tests › Mobile Responsiveness › should have touch-friendly interactive elements" classname="landing-page.spec.js" time="1.795">
</testcase>
</testsuite>
<testsuite name="landing-page.spec.js" timestamp="2025-08-27T11:31:35.973Z" hostname="firefox" tests="25" failures="4" skipped="0" time="135.055" errors="0">
<testcase name="Twisted Brain Landing Page - E2E Tests › Page Load and Structure › should load page successfully with all sections" classname="landing-page.spec.js" time="5.881">
</testcase>
<testcase name="Twisted Brain Landing Page - E2E Tests › Page Load and Structure › should have proper meta tags for SEO" classname="landing-page.spec.js" time="2.775">
</testcase>
<testcase name="Twisted Brain Landing Page - E2E Tests › Page Load and Structure › should load critical CSS and fonts" classname="landing-page.spec.js" time="3.719">
<failure message="landing-page.spec.js:63:5 should load critical CSS and fonts" type="FAILURE">
<![CDATA[  [firefox] › landing-page.spec.js:63:5 › Twisted Brain Landing Page - E2E Tests › Page Load and Structure › should load critical CSS and fonts 

    Error: expect(received).not.toBe(expected) // Object.is equality

    Expected: not "rgba(0, 0, 0, 0)"

      69 |       
      70 |       // Should have dark background (not default white)
    > 71 |       expect(backgroundColor).not.toBe('rgba(0, 0, 0, 0)');
         |                                   ^
      72 |       expect(backgroundColor).not.toBe('rgb(255, 255, 255)');
      73 |       
      74 |       // Check if custom fonts are loaded
        at /Users/lpm/Repo/tb-pages/tests/e2e/landing-page.spec.js:71:35

    attachment #1: screenshot (image/png) ──────────────────────────────────────────────────────────
    ../../test-results/artifacts/landing-page-Twisted-Brain-2ee1b-load-critical-CSS-and-fonts-firefox/test-failed-1.png
    ────────────────────────────────────────────────────────────────────────────────────────────────

    attachment #2: video (video/webm) ──────────────────────────────────────────────────────────────
    ../../test-results/artifacts/landing-page-Twisted-Brain-2ee1b-load-critical-CSS-and-fonts-firefox/video.webm
    ────────────────────────────────────────────────────────────────────────────────────────────────

    Error Context: ../../test-results/artifacts/landing-page-Twisted-Brain-2ee1b-load-critical-CSS-and-fonts-firefox/error-context.md
]]>
</failure>
<system-out>
<![CDATA[
[[ATTACHMENT|artifacts/landing-page-Twisted-Brain-2ee1b-load-critical-CSS-and-fonts-firefox/test-failed-1.png]]

[[ATTACHMENT|artifacts/landing-page-Twisted-Brain-2ee1b-load-critical-CSS-and-fonts-firefox/video.webm]]

[[ATTACHMENT|artifacts/landing-page-Twisted-Brain-2ee1b-load-critical-CSS-and-fonts-firefox/error-context.md]]
]]>
</system-out>
</testcase>
<testcase name="Twisted Brain Landing Page - E2E Tests › Hero Section Functionality › should display hero content correctly" classname="landing-page.spec.js" time="12.549">
<failure message="landing-page.spec.js:85:5 should display hero content correctly" type="FAILURE">
<![CDATA[  [firefox] › landing-page.spec.js:85:5 › Twisted Brain Landing Page - E2E Tests › Hero Section Functionality › should display hero content correctly 

    Error: expect(locator).toBeVisible() failed

    Locator:  locator('.hero-section').locator('.cta-primary')
    Expected: visible
    Received: <element(s) not found>
    Timeout:  5000ms

    Call log:
      - Expect "toBeVisible" with timeout 5000ms
      - waiting for locator('.hero-section').locator('.cta-primary')


      100 |       const secondaryCta = heroSection.locator('.cta-secondary');
      101 |       
    > 102 |       await expect(primaryCta).toBeVisible();
          |                                ^
      103 |       await expect(secondaryCta).toBeVisible();
      104 |       
      105 |       // Verify buttons have proper attributes
        at /Users/lpm/Repo/tb-pages/tests/e2e/landing-page.spec.js:102:32

    attachment #1: screenshot (image/png) ──────────────────────────────────────────────────────────
    ../../test-results/artifacts/landing-page-Twisted-Brain-424a0-play-hero-content-correctly-firefox/test-failed-1.png
    ────────────────────────────────────────────────────────────────────────────────────────────────

    attachment #2: video (video/webm) ──────────────────────────────────────────────────────────────
    ../../test-results/artifacts/landing-page-Twisted-Brain-424a0-play-hero-content-correctly-firefox/video.webm
    ────────────────────────────────────────────────────────────────────────────────────────────────

    Error Context: ../../test-results/artifacts/landing-page-Twisted-Brain-424a0-play-hero-content-correctly-firefox/error-context.md
]]>
</failure>
<system-out>
<![CDATA[
[[ATTACHMENT|artifacts/landing-page-Twisted-Brain-424a0-play-hero-content-correctly-firefox/test-failed-1.png]]

[[ATTACHMENT|artifacts/landing-page-Twisted-Brain-424a0-play-hero-content-correctly-firefox/video.webm]]

[[ATTACHMENT|artifacts/landing-page-Twisted-Brain-424a0-play-hero-content-correctly-firefox/error-context.md]]
]]>
</system-out>
</testcase>
<testcase name="Twisted Brain Landing Page - E2E Tests › Hero Section Functionality › should have working CTA buttons" classname="landing-page.spec.js" time="17.596">
<failure message="landing-page.spec.js:110:5 should have working CTA buttons" type="FAILURE">
<![CDATA[  [firefox] › landing-page.spec.js:110:5 › Twisted Brain Landing Page - E2E Tests › Hero Section Functionality › should have working CTA buttons 

    TimeoutError: locator.hover: Timeout 10000ms exceeded.
    Call log:
      - waiting for locator('.cta-primary')


      113 |       
      114 |       // Test primary CTA hover effect
    > 115 |       await primaryCta.hover();
          |                        ^
      116 |       
      117 |       // Wait for hover animation
      118 |       await page.waitForTimeout(500);
        at /Users/lpm/Repo/tb-pages/tests/e2e/landing-page.spec.js:115:24

    attachment #1: screenshot (image/png) ──────────────────────────────────────────────────────────
    ../../test-results/artifacts/landing-page-Twisted-Brain-15d60-ld-have-working-CTA-buttons-firefox/test-failed-1.png
    ────────────────────────────────────────────────────────────────────────────────────────────────

    attachment #2: video (video/webm) ──────────────────────────────────────────────────────────────
    ../../test-results/artifacts/landing-page-Twisted-Brain-15d60-ld-have-working-CTA-buttons-firefox/video.webm
    ────────────────────────────────────────────────────────────────────────────────────────────────

    Error Context: ../../test-results/artifacts/landing-page-Twisted-Brain-15d60-ld-have-working-CTA-buttons-firefox/error-context.md
]]>
</failure>
<system-out>
<![CDATA[
[[ATTACHMENT|artifacts/landing-page-Twisted-Brain-15d60-ld-have-working-CTA-buttons-firefox/test-failed-1.png]]

[[ATTACHMENT|artifacts/landing-page-Twisted-Brain-15d60-ld-have-working-CTA-buttons-firefox/video.webm]]

[[ATTACHMENT|artifacts/landing-page-Twisted-Brain-15d60-ld-have-working-CTA-buttons-firefox/error-context.md]]
]]>
</system-out>
</testcase>
<testcase name="Twisted Brain Landing Page - E2E Tests › Hero Section Functionality › should have animated background elements" classname="landing-page.spec.js" time="13.003">
</testcase>
<testcase name="Twisted Brain Landing Page - E2E Tests › Navigation and Scrolling › should have smooth scrolling navigation" classname="landing-page.spec.js" time="6.842">
</testcase>
<testcase name="Twisted Brain Landing Page - E2E Tests › Navigation and Scrolling › should trigger scroll animations" classname="landing-page.spec.js" time="3.145">
</testcase>
<testcase name="Twisted Brain Landing Page - E2E Tests › Interactive Elements › should have interactive feature cards" classname="landing-page.spec.js" time="3.946">
</testcase>
<testcase name="Twisted Brain Landing Page - E2E Tests › Interactive Elements › should have working social links" classname="landing-page.spec.js" time="5.465">
</testcase>
<testcase name="Twisted Brain Landing Page - E2E Tests › Visual Regression Tests › should match visual snapshot - desktop" classname="landing-page.spec.js" time="7.201">
</testcase>
<testcase name="Twisted Brain Landing Page - E2E Tests › Visual Regression Tests › should match hero section snapshot - desktop" classname="landing-page.spec.js" time="4.098">
</testcase>
<testcase name="Twisted Brain Landing Page - E2E Tests › Visual Regression Tests › should match visual snapshot - tablet" classname="landing-page.spec.js" time="5.039">
</testcase>
<testcase name="Twisted Brain Landing Page - E2E Tests › Visual Regression Tests › should match hero section snapshot - tablet" classname="landing-page.spec.js" time="3.703">
</testcase>
<testcase name="Twisted Brain Landing Page - E2E Tests › Visual Regression Tests › should match visual snapshot - mobile" classname="landing-page.spec.js" time="5.266">
</testcase>
<testcase name="Twisted Brain Landing Page - E2E Tests › Visual Regression Tests › should match hero section snapshot - mobile" classname="landing-page.spec.js" time="3.388">
</testcase>
<testcase name="Twisted Brain Landing Page - E2E Tests › Performance Tests › should load within performance budget" classname="landing-page.spec.js" time="2.863">
</testcase>
<testcase name="Twisted Brain Landing Page - E2E Tests › Performance Tests › should have good Core Web Vitals" classname="landing-page.spec.js" time="7.767">
</testcase>
<testcase name="Twisted Brain Landing Page - E2E Tests › Performance Tests › should not have console errors" classname="landing-page.spec.js" time="2.821">
</testcase>
<testcase name="Twisted Brain Landing Page - E2E Tests › Accessibility Tests › should have proper heading hierarchy" classname="landing-page.spec.js" time="1.926">
</testcase>
<testcase name="Twisted Brain Landing Page - E2E Tests › Accessibility Tests › should have alt text for images" classname="landing-page.spec.js" time="1.963">
</testcase>
<testcase name="Twisted Brain Landing Page - E2E Tests › Accessibility Tests › should have proper link attributes" classname="landing-page.spec.js" time="6.987">
<failure message="landing-page.spec.js:362:5 should have proper link attributes" type="FAILURE">
<![CDATA[  [firefox] › landing-page.spec.js:362:5 › Twisted Brain Landing Page - E2E Tests › Accessibility Tests › should have proper link attributes 

    Error: expect(locator).toHaveAttribute(expected) failed

    Locator: locator('a[href^="http"]').first()
    Expected pattern: /noopener/
    Received string:  ""
    Timeout: 5000ms

    Call log:
      - Expect "toHaveAttribute" with timeout 5000ms
      - waiting for locator('a[href^="http"]').first()
        9 × locator resolved to <a target="_blank" class="cta-button secondary-outline" href="https://github.com/twisted-brain/tb-pages">↵                            View on GitHub↵     …</a>
          - unexpected value "null"


      367 |         const link = externalLinks.nth(i);
      368 |         await expect(link).toHaveAttribute('target', '_blank');
    > 369 |         await expect(link).toHaveAttribute('rel', /noopener/);
          |                            ^
      370 |       }
      371 |     });
      372 |     
        at /Users/lpm/Repo/tb-pages/tests/e2e/landing-page.spec.js:369:28

    attachment #1: screenshot (image/png) ──────────────────────────────────────────────────────────
    ../../test-results/artifacts/landing-page-Twisted-Brain-7397b-have-proper-link-attributes-firefox/test-failed-1.png
    ────────────────────────────────────────────────────────────────────────────────────────────────

    attachment #2: video (video/webm) ──────────────────────────────────────────────────────────────
    ../../test-results/artifacts/landing-page-Twisted-Brain-7397b-have-proper-link-attributes-firefox/video.webm
    ────────────────────────────────────────────────────────────────────────────────────────────────

    Error Context: ../../test-results/artifacts/landing-page-Twisted-Brain-7397b-have-proper-link-attributes-firefox/error-context.md
]]>
</failure>
<system-out>
<![CDATA[
[[ATTACHMENT|artifacts/landing-page-Twisted-Brain-7397b-have-proper-link-attributes-firefox/test-failed-1.png]]

[[ATTACHMENT|artifacts/landing-page-Twisted-Brain-7397b-have-proper-link-attributes-firefox/video.webm]]

[[ATTACHMENT|artifacts/landing-page-Twisted-Brain-7397b-have-proper-link-attributes-firefox/error-context.md]]
]]>
</system-out>
</testcase>
<testcase name="Twisted Brain Landing Page - E2E Tests › Accessibility Tests › should be keyboard navigable" classname="landing-page.spec.js" time="3.749">
</testcase>
<testcase name="Twisted Brain Landing Page - E2E Tests › Mobile Responsiveness › should be responsive on mobile devices" classname="landing-page.spec.js" time="1.56">
</testcase>
<testcase name="Twisted Brain Landing Page - E2E Tests › Mobile Responsiveness › should have touch-friendly interactive elements" classname="landing-page.spec.js" time="1.803">
</testcase>
</testsuite>
<testsuite name="landing-page.spec.js" timestamp="2025-08-27T11:31:35.973Z" hostname="webkit" tests="25" failures="5" skipped="0" time="163.384" errors="0">
<testcase name="Twisted Brain Landing Page - E2E Tests › Page Load and Structure › should load page successfully with all sections" classname="landing-page.spec.js" time="5.264">
</testcase>
<testcase name="Twisted Brain Landing Page - E2E Tests › Page Load and Structure › should have proper meta tags for SEO" classname="landing-page.spec.js" time="2.298">
</testcase>
<testcase name="Twisted Brain Landing Page - E2E Tests › Page Load and Structure › should load critical CSS and fonts" classname="landing-page.spec.js" time="2.454">
<failure message="landing-page.spec.js:63:5 should load critical CSS and fonts" type="FAILURE">
<![CDATA[  [webkit] › landing-page.spec.js:63:5 › Twisted Brain Landing Page - E2E Tests › Page Load and Structure › should load critical CSS and fonts 

    Error: expect(received).not.toBe(expected) // Object.is equality

    Expected: not "rgba(0, 0, 0, 0)"

      69 |       
      70 |       // Should have dark background (not default white)
    > 71 |       expect(backgroundColor).not.toBe('rgba(0, 0, 0, 0)');
         |                                   ^
      72 |       expect(backgroundColor).not.toBe('rgb(255, 255, 255)');
      73 |       
      74 |       // Check if custom fonts are loaded
        at /Users/lpm/Repo/tb-pages/tests/e2e/landing-page.spec.js:71:35

    attachment #1: screenshot (image/png) ──────────────────────────────────────────────────────────
    ../../test-results/artifacts/landing-page-Twisted-Brain-2ee1b-load-critical-CSS-and-fonts-webkit/test-failed-1.png
    ────────────────────────────────────────────────────────────────────────────────────────────────

    attachment #2: video (video/webm) ──────────────────────────────────────────────────────────────
    ../../test-results/artifacts/landing-page-Twisted-Brain-2ee1b-load-critical-CSS-and-fonts-webkit/video.webm
    ────────────────────────────────────────────────────────────────────────────────────────────────

    Error Context: ../../test-results/artifacts/landing-page-Twisted-Brain-2ee1b-load-critical-CSS-and-fonts-webkit/error-context.md
]]>
</failure>
<system-out>
<![CDATA[
[[ATTACHMENT|artifacts/landing-page-Twisted-Brain-2ee1b-load-critical-CSS-and-fonts-webkit/test-failed-1.png]]

[[ATTACHMENT|artifacts/landing-page-Twisted-Brain-2ee1b-load-critical-CSS-and-fonts-webkit/video.webm]]

[[ATTACHMENT|artifacts/landing-page-Twisted-Brain-2ee1b-load-critical-CSS-and-fonts-webkit/error-context.md]]
]]>
</system-out>
</testcase>
<testcase name="Twisted Brain Landing Page - E2E Tests › Hero Section Functionality › should display hero content correctly" classname="landing-page.spec.js" time="11.255">
<failure message="landing-page.spec.js:85:5 should display hero content correctly" type="FAILURE">
<![CDATA[  [webkit] › landing-page.spec.js:85:5 › Twisted Brain Landing Page - E2E Tests › Hero Section Functionality › should display hero content correctly 

    Error: expect(locator).toBeVisible() failed

    Locator:  locator('.hero-section').locator('.cta-primary')
    Expected: visible
    Received: <element(s) not found>
    Timeout:  5000ms

    Call log:
      - Expect "toBeVisible" with timeout 5000ms
      - waiting for locator('.hero-section').locator('.cta-primary')


      100 |       const secondaryCta = heroSection.locator('.cta-secondary');
      101 |       
    > 102 |       await expect(primaryCta).toBeVisible();
          |                                ^
      103 |       await expect(secondaryCta).toBeVisible();
      104 |       
      105 |       // Verify buttons have proper attributes
        at /Users/lpm/Repo/tb-pages/tests/e2e/landing-page.spec.js:102:32

    attachment #1: screenshot (image/png) ──────────────────────────────────────────────────────────
    ../../test-results/artifacts/landing-page-Twisted-Brain-424a0-play-hero-content-correctly-webkit/test-failed-1.png
    ────────────────────────────────────────────────────────────────────────────────────────────────

    attachment #2: video (video/webm) ──────────────────────────────────────────────────────────────
    ../../test-results/artifacts/landing-page-Twisted-Brain-424a0-play-hero-content-correctly-webkit/video.webm
    ────────────────────────────────────────────────────────────────────────────────────────────────

    Error Context: ../../test-results/artifacts/landing-page-Twisted-Brain-424a0-play-hero-content-correctly-webkit/error-context.md
]]>
</failure>
<system-out>
<![CDATA[
[[ATTACHMENT|artifacts/landing-page-Twisted-Brain-424a0-play-hero-content-correctly-webkit/test-failed-1.png]]

[[ATTACHMENT|artifacts/landing-page-Twisted-Brain-424a0-play-hero-content-correctly-webkit/video.webm]]

[[ATTACHMENT|artifacts/landing-page-Twisted-Brain-424a0-play-hero-content-correctly-webkit/error-context.md]]
]]>
</system-out>
</testcase>
<testcase name="Twisted Brain Landing Page - E2E Tests › Hero Section Functionality › should have working CTA buttons" classname="landing-page.spec.js" time="18.147">
<failure message="landing-page.spec.js:110:5 should have working CTA buttons" type="FAILURE">
<![CDATA[  [webkit] › landing-page.spec.js:110:5 › Twisted Brain Landing Page - E2E Tests › Hero Section Functionality › should have working CTA buttons 

    TimeoutError: locator.hover: Timeout 10000ms exceeded.
    Call log:
      - waiting for locator('.cta-primary')


      113 |       
      114 |       // Test primary CTA hover effect
    > 115 |       await primaryCta.hover();
          |                        ^
      116 |       
      117 |       // Wait for hover animation
      118 |       await page.waitForTimeout(500);
        at /Users/lpm/Repo/tb-pages/tests/e2e/landing-page.spec.js:115:24

    attachment #1: screenshot (image/png) ──────────────────────────────────────────────────────────
    ../../test-results/artifacts/landing-page-Twisted-Brain-15d60-ld-have-working-CTA-buttons-webkit/test-failed-1.png
    ────────────────────────────────────────────────────────────────────────────────────────────────

    attachment #2: video (video/webm) ──────────────────────────────────────────────────────────────
    ../../test-results/artifacts/landing-page-Twisted-Brain-15d60-ld-have-working-CTA-buttons-webkit/video.webm
    ────────────────────────────────────────────────────────────────────────────────────────────────

    Error Context: ../../test-results/artifacts/landing-page-Twisted-Brain-15d60-ld-have-working-CTA-buttons-webkit/error-context.md
]]>
</failure>
<system-out>
<![CDATA[
[[ATTACHMENT|artifacts/landing-page-Twisted-Brain-15d60-ld-have-working-CTA-buttons-webkit/test-failed-1.png]]

[[ATTACHMENT|artifacts/landing-page-Twisted-Brain-15d60-ld-have-working-CTA-buttons-webkit/video.webm]]

[[ATTACHMENT|artifacts/landing-page-Twisted-Brain-15d60-ld-have-working-CTA-buttons-webkit/error-context.md]]
]]>
</system-out>
</testcase>
<testcase name="Twisted Brain Landing Page - E2E Tests › Hero Section Functionality › should have animated background elements" classname="landing-page.spec.js" time="6.074">
</testcase>
<testcase name="Twisted Brain Landing Page - E2E Tests › Navigation and Scrolling › should have smooth scrolling navigation" classname="landing-page.spec.js" time="9.572">
</testcase>
<testcase name="Twisted Brain Landing Page - E2E Tests › Navigation and Scrolling › should trigger scroll animations" classname="landing-page.spec.js" time="6.614">
</testcase>
<testcase name="Twisted Brain Landing Page - E2E Tests › Interactive Elements › should have interactive feature cards" classname="landing-page.spec.js" time="7.518">
</testcase>
<testcase name="Twisted Brain Landing Page - E2E Tests › Interactive Elements › should have working social links" classname="landing-page.spec.js" time="4.075">
</testcase>
<testcase name="Twisted Brain Landing Page - E2E Tests › Visual Regression Tests › should match visual snapshot - desktop" classname="landing-page.spec.js" time="34.41">
</testcase>
<testcase name="Twisted Brain Landing Page - E2E Tests › Visual Regression Tests › should match hero section snapshot - desktop" classname="landing-page.spec.js" time="5.884">
</testcase>
<testcase name="Twisted Brain Landing Page - E2E Tests › Visual Regression Tests › should match visual snapshot - tablet" classname="landing-page.spec.js" time="5.295">
</testcase>
<testcase name="Twisted Brain Landing Page - E2E Tests › Visual Regression Tests › should match hero section snapshot - tablet" classname="landing-page.spec.js" time="4.096">
</testcase>
<testcase name="Twisted Brain Landing Page - E2E Tests › Visual Regression Tests › should match visual snapshot - mobile" classname="landing-page.spec.js" time="4.277">
</testcase>
<testcase name="Twisted Brain Landing Page - E2E Tests › Visual Regression Tests › should match hero section snapshot - mobile" classname="landing-page.spec.js" time="2.799">
</testcase>
<testcase name="Twisted Brain Landing Page - E2E Tests › Performance Tests › should load within performance budget" classname="landing-page.spec.js" time="2.662">
</testcase>
<testcase name="Twisted Brain Landing Page - E2E Tests › Performance Tests › should have good Core Web Vitals" classname="landing-page.spec.js" time="7.435">
</testcase>
<testcase name="Twisted Brain Landing Page - E2E Tests › Performance Tests › should not have console errors" classname="landing-page.spec.js" time="2.503">
</testcase>
<testcase name="Twisted Brain Landing Page - E2E Tests › Accessibility Tests › should have proper heading hierarchy" classname="landing-page.spec.js" time="1.77">
</testcase>
<testcase name="Twisted Brain Landing Page - E2E Tests › Accessibility Tests › should have alt text for images" classname="landing-page.spec.js" time="1.81">
</testcase>
<testcase name="Twisted Brain Landing Page - E2E Tests › Accessibility Tests › should have proper link attributes" classname="landing-page.spec.js" time="6.751">
<failure message="landing-page.spec.js:362:5 should have proper link attributes" type="FAILURE">
<![CDATA[  [webkit] › landing-page.spec.js:362:5 › Twisted Brain Landing Page - E2E Tests › Accessibility Tests › should have proper link attributes 

    Error: expect(locator).toHaveAttribute(expected) failed

    Locator: locator('a[href^="http"]').first()
    Expected pattern: /noopener/
    Received string:  ""
    Timeout: 5000ms

    Call log:
      - Expect "toHaveAttribute" with timeout 5000ms
      - waiting for locator('a[href^="http"]').first()
        9 × locator resolved to <a target="_blank" class="cta-button secondary-outline" href="https://github.com/twisted-brain/tb-pages">↵                            View on GitHub↵     …</a>
          - unexpected value "null"


      367 |         const link = externalLinks.nth(i);
      368 |         await expect(link).toHaveAttribute('target', '_blank');
    > 369 |         await expect(link).toHaveAttribute('rel', /noopener/);
          |                            ^
      370 |       }
      371 |     });
      372 |     
        at /Users/lpm/Repo/tb-pages/tests/e2e/landing-page.spec.js:369:28

    attachment #1: screenshot (image/png) ──────────────────────────────────────────────────────────
    ../../test-results/artifacts/landing-page-Twisted-Brain-7397b-have-proper-link-attributes-webkit/test-failed-1.png
    ────────────────────────────────────────────────────────────────────────────────────────────────

    attachment #2: video (video/webm) ──────────────────────────────────────────────────────────────
    ../../test-results/artifacts/landing-page-Twisted-Brain-7397b-have-proper-link-attributes-webkit/video.webm
    ────────────────────────────────────────────────────────────────────────────────────────────────

    Error Context: ../../test-results/artifacts/landing-page-Twisted-Brain-7397b-have-proper-link-attributes-webkit/error-context.md
]]>
</failure>
<system-out>
<![CDATA[
[[ATTACHMENT|artifacts/landing-page-Twisted-Brain-7397b-have-proper-link-attributes-webkit/test-failed-1.png]]

[[ATTACHMENT|artifacts/landing-page-Twisted-Brain-7397b-have-proper-link-attributes-webkit/video.webm]]

[[ATTACHMENT|artifacts/landing-page-Twisted-Brain-7397b-have-proper-link-attributes-webkit/error-context.md]]
]]>
</system-out>
</testcase>
<testcase name="Twisted Brain Landing Page - E2E Tests › Accessibility Tests › should be keyboard navigable" classname="landing-page.spec.js" time="7.001">
<failure message="landing-page.spec.js:373:5 should be keyboard navigable" type="FAILURE">
<![CDATA[  [webkit] › landing-page.spec.js:373:5 › Twisted Brain Landing Page - E2E Tests › Accessibility Tests › should be keyboard navigable 

    Error: expect(locator).toBeVisible() failed

    Locator:  locator(':focus')
    Expected: visible
    Received: <element(s) not found>
    Timeout:  5000ms

    Call log:
      - Expect "toBeVisible" with timeout 5000ms
      - waiting for locator(':focus')


      377 |       // Check if focus is visible
      378 |       const focusedElement = page.locator(':focus');
    > 379 |       await expect(focusedElement).toBeVisible();
          |                                    ^
      380 |       
      381 |       // Continue tabbing through interactive elements
      382 |       for (let i = 0; i < 5; i++) {
        at /Users/lpm/Repo/tb-pages/tests/e2e/landing-page.spec.js:379:36

    attachment #1: screenshot (image/png) ──────────────────────────────────────────────────────────
    ../../test-results/artifacts/landing-page-Twisted-Brain-cb7f4-hould-be-keyboard-navigable-webkit/test-failed-1.png
    ────────────────────────────────────────────────────────────────────────────────────────────────

    attachment #2: video (video/webm) ──────────────────────────────────────────────────────────────
    ../../test-results/artifacts/landing-page-Twisted-Brain-cb7f4-hould-be-keyboard-navigable-webkit/video.webm
    ────────────────────────────────────────────────────────────────────────────────────────────────

    Error Context: ../../test-results/artifacts/landing-page-Twisted-Brain-cb7f4-hould-be-keyboard-navigable-webkit/error-context.md
]]>
</failure>
<system-out>
<![CDATA[
[[ATTACHMENT|artifacts/landing-page-Twisted-Brain-cb7f4-hould-be-keyboard-navigable-webkit/test-failed-1.png]]

[[ATTACHMENT|artifacts/landing-page-Twisted-Brain-cb7f4-hould-be-keyboard-navigable-webkit/video.webm]]

[[ATTACHMENT|artifacts/landing-page-Twisted-Brain-cb7f4-hould-be-keyboard-navigable-webkit/error-context.md]]
]]>
</system-out>
</testcase>
<testcase name="Twisted Brain Landing Page - E2E Tests › Mobile Responsiveness › should be responsive on mobile devices" classname="landing-page.spec.js" time="1.901">
</testcase>
<testcase name="Twisted Brain Landing Page - E2E Tests › Mobile Responsiveness › should have touch-friendly interactive elements" classname="landing-page.spec.js" time="1.519">
</testcase>
</testsuite>
<testsuite name="landing-page.spec.js" timestamp="2025-08-27T11:31:35.973Z" hostname="Mobile Chrome" tests="25" failures="4" skipped="0" time="131.523" errors="0">
<testcase name="Twisted Brain Landing Page - E2E Tests › Page Load and Structure › should load page successfully with all sections" classname="landing-page.spec.js" time="3.011">
</testcase>
<testcase name="Twisted Brain Landing Page - E2E Tests › Page Load and Structure › should have proper meta tags for SEO" classname="landing-page.spec.js" time="2.49">
</testcase>
<testcase name="Twisted Brain Landing Page - E2E Tests › Page Load and Structure › should load critical CSS and fonts" classname="landing-page.spec.js" time="2.07">
<failure message="landing-page.spec.js:63:5 should load critical CSS and fonts" type="FAILURE">
<![CDATA[  [Mobile Chrome] › landing-page.spec.js:63:5 › Twisted Brain Landing Page - E2E Tests › Page Load and Structure › should load critical CSS and fonts 

    Error: expect(received).not.toBe(expected) // Object.is equality

    Expected: not "rgba(0, 0, 0, 0)"

      69 |       
      70 |       // Should have dark background (not default white)
    > 71 |       expect(backgroundColor).not.toBe('rgba(0, 0, 0, 0)');
         |                                   ^
      72 |       expect(backgroundColor).not.toBe('rgb(255, 255, 255)');
      73 |       
      74 |       // Check if custom fonts are loaded
        at /Users/lpm/Repo/tb-pages/tests/e2e/landing-page.spec.js:71:35

    attachment #1: screenshot (image/png) ──────────────────────────────────────────────────────────
    ../../test-results/artifacts/landing-page-Twisted-Brain-2ee1b-load-critical-CSS-and-fonts-Mobile-Chrome/test-failed-1.png
    ────────────────────────────────────────────────────────────────────────────────────────────────

    attachment #2: video (video/webm) ──────────────────────────────────────────────────────────────
    ../../test-results/artifacts/landing-page-Twisted-Brain-2ee1b-load-critical-CSS-and-fonts-Mobile-Chrome/video.webm
    ────────────────────────────────────────────────────────────────────────────────────────────────

    Error Context: ../../test-results/artifacts/landing-page-Twisted-Brain-2ee1b-load-critical-CSS-and-fonts-Mobile-Chrome/error-context.md
]]>
</failure>
<system-out>
<![CDATA[
[[ATTACHMENT|artifacts/landing-page-Twisted-Brain-2ee1b-load-critical-CSS-and-fonts-Mobile-Chrome/test-failed-1.png]]

[[ATTACHMENT|artifacts/landing-page-Twisted-Brain-2ee1b-load-critical-CSS-and-fonts-Mobile-Chrome/video.webm]]

[[ATTACHMENT|artifacts/landing-page-Twisted-Brain-2ee1b-load-critical-CSS-and-fonts-Mobile-Chrome/error-context.md]]
]]>
</system-out>
</testcase>
<testcase name="Twisted Brain Landing Page - E2E Tests › Hero Section Functionality › should display hero content correctly" classname="landing-page.spec.js" time="7.306">
<failure message="landing-page.spec.js:85:5 should display hero content correctly" type="FAILURE">
<![CDATA[  [Mobile Chrome] › landing-page.spec.js:85:5 › Twisted Brain Landing Page - E2E Tests › Hero Section Functionality › should display hero content correctly 

    Error: expect(locator).toBeVisible() failed

    Locator:  locator('.hero-section').locator('.cta-primary')
    Expected: visible
    Received: <element(s) not found>
    Timeout:  5000ms

    Call log:
      - Expect "toBeVisible" with timeout 5000ms
      - waiting for locator('.hero-section').locator('.cta-primary')


      100 |       const secondaryCta = heroSection.locator('.cta-secondary');
      101 |       
    > 102 |       await expect(primaryCta).toBeVisible();
          |                                ^
      103 |       await expect(secondaryCta).toBeVisible();
      104 |       
      105 |       // Verify buttons have proper attributes
        at /Users/lpm/Repo/tb-pages/tests/e2e/landing-page.spec.js:102:32

    attachment #1: screenshot (image/png) ──────────────────────────────────────────────────────────
    ../../test-results/artifacts/landing-page-Twisted-Brain-424a0-play-hero-content-correctly-Mobile-Chrome/test-failed-1.png
    ────────────────────────────────────────────────────────────────────────────────────────────────

    attachment #2: video (video/webm) ──────────────────────────────────────────────────────────────
    ../../test-results/artifacts/landing-page-Twisted-Brain-424a0-play-hero-content-correctly-Mobile-Chrome/video.webm
    ────────────────────────────────────────────────────────────────────────────────────────────────

    Error Context: ../../test-results/artifacts/landing-page-Twisted-Brain-424a0-play-hero-content-correctly-Mobile-Chrome/error-context.md
]]>
</failure>
<system-out>
<![CDATA[
[[ATTACHMENT|artifacts/landing-page-Twisted-Brain-424a0-play-hero-content-correctly-Mobile-Chrome/test-failed-1.png]]

[[ATTACHMENT|artifacts/landing-page-Twisted-Brain-424a0-play-hero-content-correctly-Mobile-Chrome/video.webm]]

[[ATTACHMENT|artifacts/landing-page-Twisted-Brain-424a0-play-hero-content-correctly-Mobile-Chrome/error-context.md]]
]]>
</system-out>
</testcase>
<testcase name="Twisted Brain Landing Page - E2E Tests › Hero Section Functionality › should have working CTA buttons" classname="landing-page.spec.js" time="13.942">
<failure message="landing-page.spec.js:110:5 should have working CTA buttons" type="FAILURE">
<![CDATA[  [Mobile Chrome] › landing-page.spec.js:110:5 › Twisted Brain Landing Page - E2E Tests › Hero Section Functionality › should have working CTA buttons 

    TimeoutError: locator.hover: Timeout 10000ms exceeded.
    Call log:
      - waiting for locator('.cta-primary')


      113 |       
      114 |       // Test primary CTA hover effect
    > 115 |       await primaryCta.hover();
          |                        ^
      116 |       
      117 |       // Wait for hover animation
      118 |       await page.waitForTimeout(500);
        at /Users/lpm/Repo/tb-pages/tests/e2e/landing-page.spec.js:115:24

    attachment #1: screenshot (image/png) ──────────────────────────────────────────────────────────
    ../../test-results/artifacts/landing-page-Twisted-Brain-15d60-ld-have-working-CTA-buttons-Mobile-Chrome/test-failed-1.png
    ────────────────────────────────────────────────────────────────────────────────────────────────

    attachment #2: video (video/webm) ──────────────────────────────────────────────────────────────
    ../../test-results/artifacts/landing-page-Twisted-Brain-15d60-ld-have-working-CTA-buttons-Mobile-Chrome/video.webm
    ────────────────────────────────────────────────────────────────────────────────────────────────

    Error Context: ../../test-results/artifacts/landing-page-Twisted-Brain-15d60-ld-have-working-CTA-buttons-Mobile-Chrome/error-context.md
]]>
</failure>
<system-out>
<![CDATA[
[[ATTACHMENT|artifacts/landing-page-Twisted-Brain-15d60-ld-have-working-CTA-buttons-Mobile-Chrome/test-failed-1.png]]

[[ATTACHMENT|artifacts/landing-page-Twisted-Brain-15d60-ld-have-working-CTA-buttons-Mobile-Chrome/video.webm]]

[[ATTACHMENT|artifacts/landing-page-Twisted-Brain-15d60-ld-have-working-CTA-buttons-Mobile-Chrome/error-context.md]]
]]>
</system-out>
</testcase>
<testcase name="Twisted Brain Landing Page - E2E Tests › Hero Section Functionality › should have animated background elements" classname="landing-page.spec.js" time="2.79">
</testcase>
<testcase name="Twisted Brain Landing Page - E2E Tests › Navigation and Scrolling › should have smooth scrolling navigation" classname="landing-page.spec.js" time="3.059">
</testcase>
<testcase name="Twisted Brain Landing Page - E2E Tests › Navigation and Scrolling › should trigger scroll animations" classname="landing-page.spec.js" time="2.804">
</testcase>
<testcase name="Twisted Brain Landing Page - E2E Tests › Interactive Elements › should have interactive feature cards" classname="landing-page.spec.js" time="2.587">
</testcase>
<testcase name="Twisted Brain Landing Page - E2E Tests › Interactive Elements › should have working social links" classname="landing-page.spec.js" time="2.937">
</testcase>
<testcase name="Twisted Brain Landing Page - E2E Tests › Visual Regression Tests › should match visual snapshot - desktop" classname="landing-page.spec.js" time="16.471">
</testcase>
<testcase name="Twisted Brain Landing Page - E2E Tests › Visual Regression Tests › should match hero section snapshot - desktop" classname="landing-page.spec.js" time="11.234">
</testcase>
<testcase name="Twisted Brain Landing Page - E2E Tests › Visual Regression Tests › should match visual snapshot - tablet" classname="landing-page.spec.js" time="12.557">
</testcase>
<testcase name="Twisted Brain Landing Page - E2E Tests › Visual Regression Tests › should match hero section snapshot - tablet" classname="landing-page.spec.js" time="6.389">
</testcase>
<testcase name="Twisted Brain Landing Page - E2E Tests › Visual Regression Tests › should match visual snapshot - mobile" classname="landing-page.spec.js" time="5.29">
</testcase>
<testcase name="Twisted Brain Landing Page - E2E Tests › Visual Regression Tests › should match hero section snapshot - mobile" classname="landing-page.spec.js" time="5.76">
</testcase>
<testcase name="Twisted Brain Landing Page - E2E Tests › Performance Tests › should load within performance budget" classname="landing-page.spec.js" time="3.613">
</testcase>
<testcase name="Twisted Brain Landing Page - E2E Tests › Performance Tests › should have good Core Web Vitals" classname="landing-page.spec.js" time="7.131">
</testcase>
<testcase name="Twisted Brain Landing Page - E2E Tests › Performance Tests › should not have console errors" classname="landing-page.spec.js" time="2.787">
</testcase>
<testcase name="Twisted Brain Landing Page - E2E Tests › Accessibility Tests › should have proper heading hierarchy" classname="landing-page.spec.js" time="2.215">
</testcase>
<testcase name="Twisted Brain Landing Page - E2E Tests › Accessibility Tests › should have alt text for images" classname="landing-page.spec.js" time="1.809">
</testcase>
<testcase name="Twisted Brain Landing Page - E2E Tests › Accessibility Tests › should have proper link attributes" classname="landing-page.spec.js" time="7.136">
<failure message="landing-page.spec.js:362:5 should have proper link attributes" type="FAILURE">
<![CDATA[  [Mobile Chrome] › landing-page.spec.js:362:5 › Twisted Brain Landing Page - E2E Tests › Accessibility Tests › should have proper link attributes 

    Error: expect(locator).toHaveAttribute(expected) failed

    Locator: locator('a[href^="http"]').first()
    Expected pattern: /noopener/
    Received string:  ""
    Timeout: 5000ms

    Call log:
      - Expect "toHaveAttribute" with timeout 5000ms
      - waiting for locator('a[href^="http"]').first()
        9 × locator resolved to <a target="_blank" class="cta-button secondary-outline" href="https://github.com/twisted-brain/tb-pages">↵                            View on GitHub↵     …</a>
          - unexpected value "null"


      367 |         const link = externalLinks.nth(i);
      368 |         await expect(link).toHaveAttribute('target', '_blank');
    > 369 |         await expect(link).toHaveAttribute('rel', /noopener/);
          |                            ^
      370 |       }
      371 |     });
      372 |     
        at /Users/lpm/Repo/tb-pages/tests/e2e/landing-page.spec.js:369:28

    attachment #1: screenshot (image/png) ──────────────────────────────────────────────────────────
    ../../test-results/artifacts/landing-page-Twisted-Brain-7397b-have-proper-link-attributes-Mobile-Chrome/test-failed-1.png
    ────────────────────────────────────────────────────────────────────────────────────────────────

    attachment #2: video (video/webm) ──────────────────────────────────────────────────────────────
    ../../test-results/artifacts/landing-page-Twisted-Brain-7397b-have-proper-link-attributes-Mobile-Chrome/video.webm
    ────────────────────────────────────────────────────────────────────────────────────────────────

    Error Context: ../../test-results/artifacts/landing-page-Twisted-Brain-7397b-have-proper-link-attributes-Mobile-Chrome/error-context.md
]]>
</failure>
<system-out>
<![CDATA[
[[ATTACHMENT|artifacts/landing-page-Twisted-Brain-7397b-have-proper-link-attributes-Mobile-Chrome/test-failed-1.png]]

[[ATTACHMENT|artifacts/landing-page-Twisted-Brain-7397b-have-proper-link-attributes-Mobile-Chrome/video.webm]]

[[ATTACHMENT|artifacts/landing-page-Twisted-Brain-7397b-have-proper-link-attributes-Mobile-Chrome/error-context.md]]
]]>
</system-out>
</testcase>
<testcase name="Twisted Brain Landing Page - E2E Tests › Accessibility Tests › should be keyboard navigable" classname="landing-page.spec.js" time="1.843">
</testcase>
<testcase name="Twisted Brain Landing Page - E2E Tests › Mobile Responsiveness › should be responsive on mobile devices" classname="landing-page.spec.js" time="2.073">
</testcase>
<testcase name="Twisted Brain Landing Page - E2E Tests › Mobile Responsiveness › should have touch-friendly interactive elements" classname="landing-page.spec.js" time="2.219">
</testcase>
</testsuite>
<testsuite name="landing-page.spec.js" timestamp="2025-08-27T11:31:35.973Z" hostname="Mobile Safari" tests="25" failures="7" skipped="0" time="154.319" errors="0">
<testcase name="Twisted Brain Landing Page - E2E Tests › Page Load and Structure › should load page successfully with all sections" classname="landing-page.spec.js" time="3.517">
</testcase>
<testcase name="Twisted Brain Landing Page - E2E Tests › Page Load and Structure › should have proper meta tags for SEO" classname="landing-page.spec.js" time="2.359">
</testcase>
<testcase name="Twisted Brain Landing Page - E2E Tests › Page Load and Structure › should load critical CSS and fonts" classname="landing-page.spec.js" time="2.127">
<failure message="landing-page.spec.js:63:5 should load critical CSS and fonts" type="FAILURE">
<![CDATA[  [Mobile Safari] › landing-page.spec.js:63:5 › Twisted Brain Landing Page - E2E Tests › Page Load and Structure › should load critical CSS and fonts 

    Error: expect(received).not.toBe(expected) // Object.is equality

    Expected: not "rgba(0, 0, 0, 0)"

      69 |       
      70 |       // Should have dark background (not default white)
    > 71 |       expect(backgroundColor).not.toBe('rgba(0, 0, 0, 0)');
         |                                   ^
      72 |       expect(backgroundColor).not.toBe('rgb(255, 255, 255)');
      73 |       
      74 |       // Check if custom fonts are loaded
        at /Users/lpm/Repo/tb-pages/tests/e2e/landing-page.spec.js:71:35

    attachment #1: screenshot (image/png) ──────────────────────────────────────────────────────────
    ../../test-results/artifacts/landing-page-Twisted-Brain-2ee1b-load-critical-CSS-and-fonts-Mobile-Safari/test-failed-1.png
    ────────────────────────────────────────────────────────────────────────────────────────────────

    attachment #2: video (video/webm) ──────────────────────────────────────────────────────────────
    ../../test-results/artifacts/landing-page-Twisted-Brain-2ee1b-load-critical-CSS-and-fonts-Mobile-Safari/video.webm
    ────────────────────────────────────────────────────────────────────────────────────────────────

    Error Context: ../../test-results/artifacts/landing-page-Twisted-Brain-2ee1b-load-critical-CSS-and-fonts-Mobile-Safari/error-context.md
]]>
</failure>
<system-out>
<![CDATA[
[[ATTACHMENT|artifacts/landing-page-Twisted-Brain-2ee1b-load-critical-CSS-and-fonts-Mobile-Safari/test-failed-1.png]]

[[ATTACHMENT|artifacts/landing-page-Twisted-Brain-2ee1b-load-critical-CSS-and-fonts-Mobile-Safari/video.webm]]

[[ATTACHMENT|artifacts/landing-page-Twisted-Brain-2ee1b-load-critical-CSS-and-fonts-Mobile-Safari/error-context.md]]
]]>
</system-out>
</testcase>
<testcase name="Twisted Brain Landing Page - E2E Tests › Hero Section Functionality › should display hero content correctly" classname="landing-page.spec.js" time="7.879">
<failure message="landing-page.spec.js:85:5 should display hero content correctly" type="FAILURE">
<![CDATA[  [Mobile Safari] › landing-page.spec.js:85:5 › Twisted Brain Landing Page - E2E Tests › Hero Section Functionality › should display hero content correctly 

    Error: expect(locator).toBeVisible() failed

    Locator:  locator('.hero-section').locator('.cta-primary')
    Expected: visible
    Received: <element(s) not found>
    Timeout:  5000ms

    Call log:
      - Expect "toBeVisible" with timeout 5000ms
      - waiting for locator('.hero-section').locator('.cta-primary')


      100 |       const secondaryCta = heroSection.locator('.cta-secondary');
      101 |       
    > 102 |       await expect(primaryCta).toBeVisible();
          |                                ^
      103 |       await expect(secondaryCta).toBeVisible();
      104 |       
      105 |       // Verify buttons have proper attributes
        at /Users/lpm/Repo/tb-pages/tests/e2e/landing-page.spec.js:102:32

    attachment #1: screenshot (image/png) ──────────────────────────────────────────────────────────
    ../../test-results/artifacts/landing-page-Twisted-Brain-424a0-play-hero-content-correctly-Mobile-Safari/test-failed-1.png
    ────────────────────────────────────────────────────────────────────────────────────────────────

    attachment #2: video (video/webm) ──────────────────────────────────────────────────────────────
    ../../test-results/artifacts/landing-page-Twisted-Brain-424a0-play-hero-content-correctly-Mobile-Safari/video.webm
    ────────────────────────────────────────────────────────────────────────────────────────────────

    Error Context: ../../test-results/artifacts/landing-page-Twisted-Brain-424a0-play-hero-content-correctly-Mobile-Safari/error-context.md
]]>
</failure>
<system-out>
<![CDATA[
[[ATTACHMENT|artifacts/landing-page-Twisted-Brain-424a0-play-hero-content-correctly-Mobile-Safari/test-failed-1.png]]

[[ATTACHMENT|artifacts/landing-page-Twisted-Brain-424a0-play-hero-content-correctly-Mobile-Safari/video.webm]]

[[ATTACHMENT|artifacts/landing-page-Twisted-Brain-424a0-play-hero-content-correctly-Mobile-Safari/error-context.md]]
]]>
</system-out>
</testcase>
<testcase name="Twisted Brain Landing Page - E2E Tests › Hero Section Functionality › should have working CTA buttons" classname="landing-page.spec.js" time="12.943">
<failure message="landing-page.spec.js:110:5 should have working CTA buttons" type="FAILURE">
<![CDATA[  [Mobile Safari] › landing-page.spec.js:110:5 › Twisted Brain Landing Page - E2E Tests › Hero Section Functionality › should have working CTA buttons 

    TimeoutError: locator.hover: Timeout 10000ms exceeded.
    Call log:
      - waiting for locator('.cta-primary')


      113 |       
      114 |       // Test primary CTA hover effect
    > 115 |       await primaryCta.hover();
          |                        ^
      116 |       
      117 |       // Wait for hover animation
      118 |       await page.waitForTimeout(500);
        at /Users/lpm/Repo/tb-pages/tests/e2e/landing-page.spec.js:115:24

    attachment #1: screenshot (image/png) ──────────────────────────────────────────────────────────
    ../../test-results/artifacts/landing-page-Twisted-Brain-15d60-ld-have-working-CTA-buttons-Mobile-Safari/test-failed-1.png
    ────────────────────────────────────────────────────────────────────────────────────────────────

    attachment #2: video (video/webm) ──────────────────────────────────────────────────────────────
    ../../test-results/artifacts/landing-page-Twisted-Brain-15d60-ld-have-working-CTA-buttons-Mobile-Safari/video.webm
    ────────────────────────────────────────────────────────────────────────────────────────────────

    Error Context: ../../test-results/artifacts/landing-page-Twisted-Brain-15d60-ld-have-working-CTA-buttons-Mobile-Safari/error-context.md
]]>
</failure>
<system-out>
<![CDATA[
[[ATTACHMENT|artifacts/landing-page-Twisted-Brain-15d60-ld-have-working-CTA-buttons-Mobile-Safari/test-failed-1.png]]

[[ATTACHMENT|artifacts/landing-page-Twisted-Brain-15d60-ld-have-working-CTA-buttons-Mobile-Safari/video.webm]]

[[ATTACHMENT|artifacts/landing-page-Twisted-Brain-15d60-ld-have-working-CTA-buttons-Mobile-Safari/error-context.md]]
]]>
</system-out>
</testcase>
<testcase name="Twisted Brain Landing Page - E2E Tests › Hero Section Functionality › should have animated background elements" classname="landing-page.spec.js" time="3.039">
</testcase>
<testcase name="Twisted Brain Landing Page - E2E Tests › Navigation and Scrolling › should have smooth scrolling navigation" classname="landing-page.spec.js" time="3.448">
</testcase>
<testcase name="Twisted Brain Landing Page - E2E Tests › Navigation and Scrolling › should trigger scroll animations" classname="landing-page.spec.js" time="3.124">
</testcase>
<testcase name="Twisted Brain Landing Page - E2E Tests › Interactive Elements › should have interactive feature cards" classname="landing-page.spec.js" time="3.137">
</testcase>
<testcase name="Twisted Brain Landing Page - E2E Tests › Interactive Elements › should have working social links" classname="landing-page.spec.js" time="3.007">
</testcase>
<testcase name="Twisted Brain Landing Page - E2E Tests › Visual Regression Tests › should match visual snapshot - desktop" classname="landing-page.spec.js" time="38.376">
<failure message="landing-page.spec.js:257:7 should match visual snapshot - desktop" type="FAILURE">
<![CDATA[  [Mobile Safari] › landing-page.spec.js:257:7 › Twisted Brain Landing Page - E2E Tests › Visual Regression Tests › should match visual snapshot - desktop 

    Error: expect(page).toHaveScreenshot(expected) failed

    Timeout:  5000ms
      Timeout 5000ms exceeded.

      Snapshot: landing-page-desktop.png

    Call log:
      - Expect "toHaveScreenshot(landing-page-desktop.png)" with timeout 5000ms
        - generating new stable screenshot expectation
      - taking page screenshot
        - disabled all CSS animations
      - waiting for fonts to load...
      - fonts loaded
      - waiting 100ms before taking screenshot
      - taking page screenshot
        - disabled all CSS animations
      - waiting for fonts to load...
      - fonts loaded
      - Timeout 5000ms exceeded.


      263 |         
      264 |         // Take full page screenshot
    > 265 |         await expect(page).toHaveScreenshot(`landing-page-${name}.png`, {
          |                            ^
      266 |           fullPage: true,
      267 |           threshold: 0.3, // Allow 30% difference for animations
      268 |           animations: 'disabled' // Disable animations for consistent screenshots
        at /Users/lpm/Repo/tb-pages/tests/e2e/landing-page.spec.js:265:28

    Test timeout of 30000ms exceeded.

    attachment #1: screenshot (image/png) ──────────────────────────────────────────────────────────
    ../../test-results/artifacts/landing-page-Twisted-Brain-5d470-h-visual-snapshot---desktop-Mobile-Safari/test-failed-1.png
    ────────────────────────────────────────────────────────────────────────────────────────────────
]]>
</failure>
<system-out>
<![CDATA[
[[ATTACHMENT|artifacts/landing-page-Twisted-Brain-5d470-h-visual-snapshot---desktop-Mobile-Safari/test-failed-1.png]]
]]>
</system-out>
</testcase>
<testcase name="Twisted Brain Landing Page - E2E Tests › Visual Regression Tests › should match hero section snapshot - desktop" classname="landing-page.spec.js" time="17.823">
</testcase>
<testcase name="Twisted Brain Landing Page - E2E Tests › Visual Regression Tests › should match visual snapshot - tablet" classname="landing-page.spec.js" time="7.318">
</testcase>
<testcase name="Twisted Brain Landing Page - E2E Tests › Visual Regression Tests › should match hero section snapshot - tablet" classname="landing-page.spec.js" time="6.362">
<failure message="landing-page.spec.js:272:7 should match hero section snapshot - tablet" type="FAILURE">
<![CDATA[  [Mobile Safari] › landing-page.spec.js:272:7 › Twisted Brain Landing Page - E2E Tests › Visual Regression Tests › should match hero section snapshot - tablet 

    Error: expect(locator).toHaveScreenshot(expected) failed

      5 pixels (ratio 0.01 of all image pixels) are different.

      Snapshot: hero-section-tablet.png

    Call log:
      - Expect "toHaveScreenshot(hero-section-tablet.png)" with timeout 5000ms
        - verifying given screenshot expectation
      - waiting for locator('.hero-section')
        - locator resolved to <section id="hero" class="hero-section neon-background">…</section>
      - taking element screenshot
        - disabled all CSS animations
      - waiting for fonts to load...
      - fonts loaded
      - attempting scroll into view action
        - waiting for element to be stable
      - 5 pixels (ratio 0.01 of all image pixels) are different.
      - waiting 100ms before taking screenshot
      - waiting for locator('.hero-section')
        - locator resolved to <section id="hero" class="hero-section neon-background">…</section>
      - taking element screenshot
        - disabled all CSS animations
      - waiting for fonts to load...
      - fonts loaded
      - attempting scroll into view action
        - waiting for element to be stable
      - captured a stable screenshot
      - 5 pixels (ratio 0.01 of all image pixels) are different.


      275 |         
      276 |         const heroSection = page.locator('.hero-section');
    > 277 |         await expect(heroSection).toHaveScreenshot(`hero-section-${name}.png`, {
          |                                   ^
      278 |           threshold: 0.3,
      279 |           animations: 'disabled'
      280 |         });
        at /Users/lpm/Repo/tb-pages/tests/e2e/landing-page.spec.js:277:35

    attachment #1: hero-section-tablet (image/png) ─────────────────────────────────────────────────
    Expected: landing-page.spec.js-snapshots/hero-section-tablet-Mobile-Safari-darwin.png
    Received: ../../test-results/artifacts/landing-page-Twisted-Brain-de5c4-o-section-snapshot---tablet-Mobile-Safari/hero-section-tablet-actual.png
    Diff:     ../../test-results/artifacts/landing-page-Twisted-Brain-de5c4-o-section-snapshot---tablet-Mobile-Safari/hero-section-tablet-diff.png
    ────────────────────────────────────────────────────────────────────────────────────────────────

    attachment #2: screenshot (image/png) ──────────────────────────────────────────────────────────
    ../../test-results/artifacts/landing-page-Twisted-Brain-de5c4-o-section-snapshot---tablet-Mobile-Safari/test-failed-1.png
    ────────────────────────────────────────────────────────────────────────────────────────────────

    attachment #3: video (video/webm) ──────────────────────────────────────────────────────────────
    ../../test-results/artifacts/landing-page-Twisted-Brain-de5c4-o-section-snapshot---tablet-Mobile-Safari/video.webm
    ────────────────────────────────────────────────────────────────────────────────────────────────

    Error Context: ../../test-results/artifacts/landing-page-Twisted-Brain-de5c4-o-section-snapshot---tablet-Mobile-Safari/error-context.md
]]>
</failure>
<system-out>
<![CDATA[
[[ATTACHMENT|../tests/e2e/landing-page.spec.js-snapshots/hero-section-tablet-Mobile-Safari-darwin.png]]

[[ATTACHMENT|artifacts/landing-page-Twisted-Brain-de5c4-o-section-snapshot---tablet-Mobile-Safari/hero-section-tablet-actual.png]]

[[ATTACHMENT|artifacts/landing-page-Twisted-Brain-de5c4-o-section-snapshot---tablet-Mobile-Safari/hero-section-tablet-diff.png]]

[[ATTACHMENT|artifacts/landing-page-Twisted-Brain-de5c4-o-section-snapshot---tablet-Mobile-Safari/test-failed-1.png]]

[[ATTACHMENT|artifacts/landing-page-Twisted-Brain-de5c4-o-section-snapshot---tablet-Mobile-Safari/video.webm]]

[[ATTACHMENT|artifacts/landing-page-Twisted-Brain-de5c4-o-section-snapshot---tablet-Mobile-Safari/error-context.md]]
]]>
</system-out>
</testcase>
<testcase name="Twisted Brain Landing Page - E2E Tests › Visual Regression Tests › should match visual snapshot - mobile" classname="landing-page.spec.js" time="4.531">
</testcase>
<testcase name="Twisted Brain Landing Page - E2E Tests › Visual Regression Tests › should match hero section snapshot - mobile" classname="landing-page.spec.js" time="3.509">
</testcase>
<testcase name="Twisted Brain Landing Page - E2E Tests › Performance Tests › should load within performance budget" classname="landing-page.spec.js" time="2.269">
</testcase>
<testcase name="Twisted Brain Landing Page - E2E Tests › Performance Tests › should have good Core Web Vitals" classname="landing-page.spec.js" time="6.961">
</testcase>
<testcase name="Twisted Brain Landing Page - E2E Tests › Performance Tests › should not have console errors" classname="landing-page.spec.js" time="2.128">
</testcase>
<testcase name="Twisted Brain Landing Page - E2E Tests › Accessibility Tests › should have proper heading hierarchy" classname="landing-page.spec.js" time="1.627">
</testcase>
<testcase name="Twisted Brain Landing Page - E2E Tests › Accessibility Tests › should have alt text for images" classname="landing-page.spec.js" time="1.945">
</testcase>
<testcase name="Twisted Brain Landing Page - E2E Tests › Accessibility Tests › should have proper link attributes" classname="landing-page.spec.js" time="6.702">
<failure message="landing-page.spec.js:362:5 should have proper link attributes" type="FAILURE">
<![CDATA[  [Mobile Safari] › landing-page.spec.js:362:5 › Twisted Brain Landing Page - E2E Tests › Accessibility Tests › should have proper link attributes 

    Error: expect(locator).toHaveAttribute(expected) failed

    Locator: locator('a[href^="http"]').first()
    Expected pattern: /noopener/
    Received string:  ""
    Timeout: 5000ms

    Call log:
      - Expect "toHaveAttribute" with timeout 5000ms
      - waiting for locator('a[href^="http"]').first()
        9 × locator resolved to <a target="_blank" class="cta-button secondary-outline" href="https://github.com/twisted-brain/tb-pages">↵                            View on GitHub↵     …</a>
          - unexpected value "null"


      367 |         const link = externalLinks.nth(i);
      368 |         await expect(link).toHaveAttribute('target', '_blank');
    > 369 |         await expect(link).toHaveAttribute('rel', /noopener/);
          |                            ^
      370 |       }
      371 |     });
      372 |     
        at /Users/lpm/Repo/tb-pages/tests/e2e/landing-page.spec.js:369:28

    attachment #1: screenshot (image/png) ──────────────────────────────────────────────────────────
    ../../test-results/artifacts/landing-page-Twisted-Brain-7397b-have-proper-link-attributes-Mobile-Safari/test-failed-1.png
    ────────────────────────────────────────────────────────────────────────────────────────────────

    attachment #2: video (video/webm) ──────────────────────────────────────────────────────────────
    ../../test-results/artifacts/landing-page-Twisted-Brain-7397b-have-proper-link-attributes-Mobile-Safari/video.webm
    ────────────────────────────────────────────────────────────────────────────────────────────────

    Error Context: ../../test-results/artifacts/landing-page-Twisted-Brain-7397b-have-proper-link-attributes-Mobile-Safari/error-context.md
]]>
</failure>
<system-out>
<![CDATA[
[[ATTACHMENT|artifacts/landing-page-Twisted-Brain-7397b-have-proper-link-attributes-Mobile-Safari/test-failed-1.png]]

[[ATTACHMENT|artifacts/landing-page-Twisted-Brain-7397b-have-proper-link-attributes-Mobile-Safari/video.webm]]

[[ATTACHMENT|artifacts/landing-page-Twisted-Brain-7397b-have-proper-link-attributes-Mobile-Safari/error-context.md]]
]]>
</system-out>
</testcase>
<testcase name="Twisted Brain Landing Page - E2E Tests › Accessibility Tests › should be keyboard navigable" classname="landing-page.spec.js" time="7.201">
<failure message="landing-page.spec.js:373:5 should be keyboard navigable" type="FAILURE">
<![CDATA[  [Mobile Safari] › landing-page.spec.js:373:5 › Twisted Brain Landing Page - E2E Tests › Accessibility Tests › should be keyboard navigable 

    Error: expect(locator).toBeVisible() failed

    Locator:  locator(':focus')
    Expected: visible
    Received: <element(s) not found>
    Timeout:  5000ms

    Call log:
      - Expect "toBeVisible" with timeout 5000ms
      - waiting for locator(':focus')


      377 |       // Check if focus is visible
      378 |       const focusedElement = page.locator(':focus');
    > 379 |       await expect(focusedElement).toBeVisible();
          |                                    ^
      380 |       
      381 |       // Continue tabbing through interactive elements
      382 |       for (let i = 0; i < 5; i++) {
        at /Users/lpm/Repo/tb-pages/tests/e2e/landing-page.spec.js:379:36

    attachment #1: screenshot (image/png) ──────────────────────────────────────────────────────────
    ../../test-results/artifacts/landing-page-Twisted-Brain-cb7f4-hould-be-keyboard-navigable-Mobile-Safari/test-failed-1.png
    ────────────────────────────────────────────────────────────────────────────────────────────────

    attachment #2: video (video/webm) ──────────────────────────────────────────────────────────────
    ../../test-results/artifacts/landing-page-Twisted-Brain-cb7f4-hould-be-keyboard-navigable-Mobile-Safari/video.webm
    ────────────────────────────────────────────────────────────────────────────────────────────────

    Error Context: ../../test-results/artifacts/landing-page-Twisted-Brain-cb7f4-hould-be-keyboard-navigable-Mobile-Safari/error-context.md
]]>
</failure>
<system-out>
<![CDATA[
[[ATTACHMENT|artifacts/landing-page-Twisted-Brain-cb7f4-hould-be-keyboard-navigable-Mobile-Safari/test-failed-1.png]]

[[ATTACHMENT|artifacts/landing-page-Twisted-Brain-cb7f4-hould-be-keyboard-navigable-Mobile-Safari/video.webm]]

[[ATTACHMENT|artifacts/landing-page-Twisted-Brain-cb7f4-hould-be-keyboard-navigable-Mobile-Safari/error-context.md]]
]]>
</system-out>
</testcase>
<testcase name="Twisted Brain Landing Page - E2E Tests › Mobile Responsiveness › should be responsive on mobile devices" classname="landing-page.spec.js" time="1.612">
</testcase>
<testcase name="Twisted Brain Landing Page - E2E Tests › Mobile Responsiveness › should have touch-friendly interactive elements" classname="landing-page.spec.js" time="1.375">
</testcase>
</testsuite>
<testsuite name="landing-page.spec.js" timestamp="2025-08-27T11:31:35.973Z" hostname="Tablet" tests="25" failures="5" skipped="0" time="100.869" errors="0">
<testcase name="Twisted Brain Landing Page - E2E Tests › Page Load and Structure › should load page successfully with all sections" classname="landing-page.spec.js" time="2.125">
</testcase>
<testcase name="Twisted Brain Landing Page - E2E Tests › Page Load and Structure › should have proper meta tags for SEO" classname="landing-page.spec.js" time="1.925">
</testcase>
<testcase name="Twisted Brain Landing Page - E2E Tests › Page Load and Structure › should load critical CSS and fonts" classname="landing-page.spec.js" time="1.72">
<failure message="landing-page.spec.js:63:5 should load critical CSS and fonts" type="FAILURE">
<![CDATA[  [Tablet] › landing-page.spec.js:63:5 › Twisted Brain Landing Page - E2E Tests › Page Load and Structure › should load critical CSS and fonts 

    Error: expect(received).not.toBe(expected) // Object.is equality

    Expected: not "rgba(0, 0, 0, 0)"

      69 |       
      70 |       // Should have dark background (not default white)
    > 71 |       expect(backgroundColor).not.toBe('rgba(0, 0, 0, 0)');
         |                                   ^
      72 |       expect(backgroundColor).not.toBe('rgb(255, 255, 255)');
      73 |       
      74 |       // Check if custom fonts are loaded
        at /Users/lpm/Repo/tb-pages/tests/e2e/landing-page.spec.js:71:35

    attachment #1: screenshot (image/png) ──────────────────────────────────────────────────────────
    ../../test-results/artifacts/landing-page-Twisted-Brain-2ee1b-load-critical-CSS-and-fonts-Tablet/test-failed-1.png
    ────────────────────────────────────────────────────────────────────────────────────────────────

    attachment #2: video (video/webm) ──────────────────────────────────────────────────────────────
    ../../test-results/artifacts/landing-page-Twisted-Brain-2ee1b-load-critical-CSS-and-fonts-Tablet/video.webm
    ────────────────────────────────────────────────────────────────────────────────────────────────

    Error Context: ../../test-results/artifacts/landing-page-Twisted-Brain-2ee1b-load-critical-CSS-and-fonts-Tablet/error-context.md
]]>
</failure>
<system-out>
<![CDATA[
[[ATTACHMENT|artifacts/landing-page-Twisted-Brain-2ee1b-load-critical-CSS-and-fonts-Tablet/test-failed-1.png]]

[[ATTACHMENT|artifacts/landing-page-Twisted-Brain-2ee1b-load-critical-CSS-and-fonts-Tablet/video.webm]]

[[ATTACHMENT|artifacts/landing-page-Twisted-Brain-2ee1b-load-critical-CSS-and-fonts-Tablet/error-context.md]]
]]>
</system-out>
</testcase>
<testcase name="Twisted Brain Landing Page - E2E Tests › Hero Section Functionality › should display hero content correctly" classname="landing-page.spec.js" time="6.855">
<failure message="landing-page.spec.js:85:5 should display hero content correctly" type="FAILURE">
<![CDATA[  [Tablet] › landing-page.spec.js:85:5 › Twisted Brain Landing Page - E2E Tests › Hero Section Functionality › should display hero content correctly 

    Error: expect(locator).toBeVisible() failed

    Locator:  locator('.hero-section').locator('.cta-primary')
    Expected: visible
    Received: <element(s) not found>
    Timeout:  5000ms

    Call log:
      - Expect "toBeVisible" with timeout 5000ms
      - waiting for locator('.hero-section').locator('.cta-primary')


      100 |       const secondaryCta = heroSection.locator('.cta-secondary');
      101 |       
    > 102 |       await expect(primaryCta).toBeVisible();
          |                                ^
      103 |       await expect(secondaryCta).toBeVisible();
      104 |       
      105 |       // Verify buttons have proper attributes
        at /Users/lpm/Repo/tb-pages/tests/e2e/landing-page.spec.js:102:32

    attachment #1: screenshot (image/png) ──────────────────────────────────────────────────────────
    ../../test-results/artifacts/landing-page-Twisted-Brain-424a0-play-hero-content-correctly-Tablet/test-failed-1.png
    ────────────────────────────────────────────────────────────────────────────────────────────────

    attachment #2: video (video/webm) ──────────────────────────────────────────────────────────────
    ../../test-results/artifacts/landing-page-Twisted-Brain-424a0-play-hero-content-correctly-Tablet/video.webm
    ────────────────────────────────────────────────────────────────────────────────────────────────

    Error Context: ../../test-results/artifacts/landing-page-Twisted-Brain-424a0-play-hero-content-correctly-Tablet/error-context.md
]]>
</failure>
<system-out>
<![CDATA[
[[ATTACHMENT|artifacts/landing-page-Twisted-Brain-424a0-play-hero-content-correctly-Tablet/test-failed-1.png]]

[[ATTACHMENT|artifacts/landing-page-Twisted-Brain-424a0-play-hero-content-correctly-Tablet/video.webm]]

[[ATTACHMENT|artifacts/landing-page-Twisted-Brain-424a0-play-hero-content-correctly-Tablet/error-context.md]]
]]>
</system-out>
</testcase>
<testcase name="Twisted Brain Landing Page - E2E Tests › Hero Section Functionality › should have working CTA buttons" classname="landing-page.spec.js" time="11.94">
<failure message="landing-page.spec.js:110:5 should have working CTA buttons" type="FAILURE">
<![CDATA[  [Tablet] › landing-page.spec.js:110:5 › Twisted Brain Landing Page - E2E Tests › Hero Section Functionality › should have working CTA buttons 

    TimeoutError: locator.hover: Timeout 10000ms exceeded.
    Call log:
      - waiting for locator('.cta-primary')


      113 |       
      114 |       // Test primary CTA hover effect
    > 115 |       await primaryCta.hover();
          |                        ^
      116 |       
      117 |       // Wait for hover animation
      118 |       await page.waitForTimeout(500);
        at /Users/lpm/Repo/tb-pages/tests/e2e/landing-page.spec.js:115:24

    attachment #1: screenshot (image/png) ──────────────────────────────────────────────────────────
    ../../test-results/artifacts/landing-page-Twisted-Brain-15d60-ld-have-working-CTA-buttons-Tablet/test-failed-1.png
    ────────────────────────────────────────────────────────────────────────────────────────────────

    attachment #2: video (video/webm) ──────────────────────────────────────────────────────────────
    ../../test-results/artifacts/landing-page-Twisted-Brain-15d60-ld-have-working-CTA-buttons-Tablet/video.webm
    ────────────────────────────────────────────────────────────────────────────────────────────────

    Error Context: ../../test-results/artifacts/landing-page-Twisted-Brain-15d60-ld-have-working-CTA-buttons-Tablet/error-context.md
]]>
</failure>
<system-out>
<![CDATA[
[[ATTACHMENT|artifacts/landing-page-Twisted-Brain-15d60-ld-have-working-CTA-buttons-Tablet/test-failed-1.png]]

[[ATTACHMENT|artifacts/landing-page-Twisted-Brain-15d60-ld-have-working-CTA-buttons-Tablet/video.webm]]

[[ATTACHMENT|artifacts/landing-page-Twisted-Brain-15d60-ld-have-working-CTA-buttons-Tablet/error-context.md]]
]]>
</system-out>
</testcase>
<testcase name="Twisted Brain Landing Page - E2E Tests › Hero Section Functionality › should have animated background elements" classname="landing-page.spec.js" time="2.614">
</testcase>
<testcase name="Twisted Brain Landing Page - E2E Tests › Navigation and Scrolling › should have smooth scrolling navigation" classname="landing-page.spec.js" time="2.942">
</testcase>
<testcase name="Twisted Brain Landing Page - E2E Tests › Navigation and Scrolling › should trigger scroll animations" classname="landing-page.spec.js" time="2.722">
</testcase>
<testcase name="Twisted Brain Landing Page - E2E Tests › Interactive Elements › should have interactive feature cards" classname="landing-page.spec.js" time="2.308">
</testcase>
<testcase name="Twisted Brain Landing Page - E2E Tests › Interactive Elements › should have working social links" classname="landing-page.spec.js" time="2.134">
</testcase>
<testcase name="Twisted Brain Landing Page - E2E Tests › Visual Regression Tests › should match visual snapshot - desktop" classname="landing-page.spec.js" time="7.617">
</testcase>
<testcase name="Twisted Brain Landing Page - E2E Tests › Visual Regression Tests › should match hero section snapshot - desktop" classname="landing-page.spec.js" time="4.59">
</testcase>
<testcase name="Twisted Brain Landing Page - E2E Tests › Visual Regression Tests › should match visual snapshot - tablet" classname="landing-page.spec.js" time="8.493">
</testcase>
<testcase name="Twisted Brain Landing Page - E2E Tests › Visual Regression Tests › should match hero section snapshot - tablet" classname="landing-page.spec.js" time="4.142">
</testcase>
<testcase name="Twisted Brain Landing Page - E2E Tests › Visual Regression Tests › should match visual snapshot - mobile" classname="landing-page.spec.js" time="5.828">
</testcase>
<testcase name="Twisted Brain Landing Page - E2E Tests › Visual Regression Tests › should match hero section snapshot - mobile" classname="landing-page.spec.js" time="3.763">
<failure message="landing-page.spec.js:272:7 should match hero section snapshot - mobile" type="FAILURE">
<![CDATA[  [Tablet] › landing-page.spec.js:272:7 › Twisted Brain Landing Page - E2E Tests › Visual Regression Tests › should match hero section snapshot - mobile 

    Error: A snapshot doesn't exist at /Users/lpm/Repo/tb-pages/tests/e2e/landing-page.spec.js-snapshots/hero-section-mobile-Tablet-darwin.png, writing actual.

      275 |         
      276 |         const heroSection = page.locator('.hero-section');
    > 277 |         await expect(heroSection).toHaveScreenshot(`hero-section-${name}.png`, {
          |         ^
      278 |           threshold: 0.3,
      279 |           animations: 'disabled'
      280 |         });
        at /Users/lpm/Repo/tb-pages/tests/e2e/landing-page.spec.js:277:9

    attachment #1: hero-section-mobile (image/png) ─────────────────────────────────────────────────
    Expected: landing-page.spec.js-snapshots/hero-section-mobile-Tablet-darwin.png
    Received: ../../test-results/artifacts/landing-page-Twisted-Brain-0feb4-o-section-snapshot---mobile-Tablet/hero-section-mobile-actual.png
    ────────────────────────────────────────────────────────────────────────────────────────────────

    attachment #2: screenshot (image/png) ──────────────────────────────────────────────────────────
    ../../test-results/artifacts/landing-page-Twisted-Brain-0feb4-o-section-snapshot---mobile-Tablet/test-failed-1.png
    ────────────────────────────────────────────────────────────────────────────────────────────────

    attachment #3: video (video/webm) ──────────────────────────────────────────────────────────────
    ../../test-results/artifacts/landing-page-Twisted-Brain-0feb4-o-section-snapshot---mobile-Tablet/video.webm
    ────────────────────────────────────────────────────────────────────────────────────────────────

    Error Context: ../../test-results/artifacts/landing-page-Twisted-Brain-0feb4-o-section-snapshot---mobile-Tablet/error-context.md
]]>
</failure>
<system-out>
<![CDATA[
[[ATTACHMENT|../tests/e2e/landing-page.spec.js-snapshots/hero-section-mobile-Tablet-darwin.png]]

[[ATTACHMENT|artifacts/landing-page-Twisted-Brain-0feb4-o-section-snapshot---mobile-Tablet/hero-section-mobile-actual.png]]

[[ATTACHMENT|artifacts/landing-page-Twisted-Brain-0feb4-o-section-snapshot---mobile-Tablet/test-failed-1.png]]

[[ATTACHMENT|artifacts/landing-page-Twisted-Brain-0feb4-o-section-snapshot---mobile-Tablet/video.webm]]

[[ATTACHMENT|artifacts/landing-page-Twisted-Brain-0feb4-o-section-snapshot---mobile-Tablet/error-context.md]]
]]>
</system-out>
</testcase>
<testcase name="Twisted Brain Landing Page - E2E Tests › Performance Tests › should load within performance budget" classname="landing-page.spec.js" time="2.83">
</testcase>
<testcase name="Twisted Brain Landing Page - E2E Tests › Performance Tests › should have good Core Web Vitals" classname="landing-page.spec.js" time="2.88">
</testcase>
<testcase name="Twisted Brain Landing Page - E2E Tests › Performance Tests › should not have console errors" classname="landing-page.spec.js" time="3.857">
</testcase>
<testcase name="Twisted Brain Landing Page - E2E Tests › Accessibility Tests › should have proper heading hierarchy" classname="landing-page.spec.js" time="2.45">
</testcase>
<testcase name="Twisted Brain Landing Page - E2E Tests › Accessibility Tests › should have alt text for images" classname="landing-page.spec.js" time="2.321">
</testcase>
<testcase name="Twisted Brain Landing Page - E2E Tests › Accessibility Tests › should have proper link attributes" classname="landing-page.spec.js" time="7.48">
<failure message="landing-page.spec.js:362:5 should have proper link attributes" type="FAILURE">
<![CDATA[  [Tablet] › landing-page.spec.js:362:5 › Twisted Brain Landing Page - E2E Tests › Accessibility Tests › should have proper link attributes 

    Error: expect(locator).toHaveAttribute(expected) failed

    Locator: locator('a[href^="http"]').first()
    Expected pattern: /noopener/
    Received string:  ""
    Timeout: 5000ms

    Call log:
      - Expect "toHaveAttribute" with timeout 5000ms
      - waiting for locator('a[href^="http"]').first()
        7 × locator resolved to <a target="_blank" class="cta-button secondary-outline" href="https://github.com/twisted-brain/tb-pages">↵                            View on GitHub↵     …</a>
          - unexpected value "null"


      367 |         const link = externalLinks.nth(i);
      368 |         await expect(link).toHaveAttribute('target', '_blank');
    > 369 |         await expect(link).toHaveAttribute('rel', /noopener/);
          |                            ^
      370 |       }
      371 |     });
      372 |     
        at /Users/lpm/Repo/tb-pages/tests/e2e/landing-page.spec.js:369:28

    attachment #1: screenshot (image/png) ──────────────────────────────────────────────────────────
    ../../test-results/artifacts/landing-page-Twisted-Brain-7397b-have-proper-link-attributes-Tablet/test-failed-1.png
    ────────────────────────────────────────────────────────────────────────────────────────────────

    attachment #2: video (video/webm) ──────────────────────────────────────────────────────────────
    ../../test-results/artifacts/landing-page-Twisted-Brain-7397b-have-proper-link-attributes-Tablet/video.webm
    ────────────────────────────────────────────────────────────────────────────────────────────────

    Error Context: ../../test-results/artifacts/landing-page-Twisted-Brain-7397b-have-proper-link-attributes-Tablet/error-context.md
]]>
</failure>
<system-out>
<![CDATA[
[[ATTACHMENT|artifacts/landing-page-Twisted-Brain-7397b-have-proper-link-attributes-Tablet/test-failed-1.png]]

[[ATTACHMENT|artifacts/landing-page-Twisted-Brain-7397b-have-proper-link-attributes-Tablet/video.webm]]

[[ATTACHMENT|artifacts/landing-page-Twisted-Brain-7397b-have-proper-link-attributes-Tablet/error-context.md]]
]]>
</system-out>
</testcase>
<testcase name="Twisted Brain Landing Page - E2E Tests › Accessibility Tests › should be keyboard navigable" classname="landing-page.spec.js" time="3.378">
</testcase>
<testcase name="Twisted Brain Landing Page - E2E Tests › Mobile Responsiveness › should be responsive on mobile devices" classname="landing-page.spec.js" time="2.175">
</testcase>
<testcase name="Twisted Brain Landing Page - E2E Tests › Mobile Responsiveness › should have touch-friendly interactive elements" classname="landing-page.spec.js" time="1.78">
</testcase>
</testsuite>
</testsuites>